// Jest Snapshot v1, https://goo.gl/fbAQLP

exports[`RichText by default produces markup that matches defined snapshot 1`] = `"<div spellcheck=\\"false\\" autocorrect=\\"false\\" autocapitalize=\\"false\\" data-slate-editor=\\"true\\" data-slate-node=\\"value\\" contenteditable=\\"false\\" zindex=\\"-1\\" style=\\"position: relative; outline: none; white-space: pre-wrap; word-wrap: break-word;\\"><div data-slate-node=\\"element\\" style=\\"position: relative;\\"><span data-slate-node=\\"text\\"><span data-slate-leaf=\\"true\\"><span data-slate-zero-width=\\"n\\" data-slate-length=\\"0\\">﻿<br></span></span></span></div></div>"`;

exports[`RichText when value prop is not passed when in edit mode adds width to slate wrapper 1`] = `"<div></div><div role=\\"textbox\\" spellcheck=\\"false\\" autocorrect=\\"false\\" autocapitalize=\\"false\\" data-slate-editor=\\"true\\" data-slate-node=\\"value\\" contenteditable=\\"true\\" zindex=\\"-1\\" style=\\"position: relative; outline: none; white-space: pre-wrap; word-wrap: break-word; min-width: 100px;\\"><div data-slate-node=\\"element\\" style=\\"position: relative;\\"><span data-slate-node=\\"text\\"><span data-slate-leaf=\\"true\\"><span data-slate-zero-width=\\"n\\" data-slate-length=\\"0\\">﻿<br></span></span></span></div></div>"`;

exports[`RichText when value prop is not passed when in edit mode allows to override default wrapper styles 1`] = `"<div></div><div role=\\"textbox\\" spellcheck=\\"false\\" autocorrect=\\"false\\" autocapitalize=\\"false\\" data-slate-editor=\\"true\\" data-slate-node=\\"value\\" contenteditable=\\"true\\" zindex=\\"-1\\" style=\\"position: relative; outline: none; white-space: pre-wrap; word-wrap: break-word; min-width: 80px;\\"><div data-slate-node=\\"element\\" style=\\"position: relative;\\"><span data-slate-node=\\"text\\"><span data-slate-leaf=\\"true\\"><span data-slate-zero-width=\\"n\\" data-slate-length=\\"0\\">﻿<br></span></span></span></div></div>"`;
